// Jest Snapshot v1, https://goo.gl/fbAQLP

exports[`Profile Component should match 1`] = `
<p>
  loading...
</p>
`;
